[debug] [2026-08-17T15:12:24.751Z] ----------------------------------------------------------------------
[debug] [2026-08-17T15:12:24.756Z] Command:       C:\Program Files\nodejs\node.exe C:\Users\Akash Kumar\AppData\Roaming\npm\node_modules\firebase-tools\lib\bin\firebase.js init
[debug] [2026-08-17T15:12:24.756Z] CLI Version:   15.27.0
[debug] [2026-08-17T15:12:24.756Z] Platform:      win32
[debug] [2026-08-17T15:12:24.756Z] Node Version:  v22.12.0
[debug] [2026-08-17T15:12:24.757Z] Detected Agent: unknown
[debug] [2026-08-17T15:12:24.757Z] Time:          Mon Aug 17 2026 20:42:24 GMT+0530 (India Standard Time)
[debug] [2026-08-17T15:12:24.757Z] ----------------------------------------------------------------------
[debug] 
[debug] [2026-08-17T15:12:24.771Z] >>> [apiv2][query] GET https://firebase-public.firebaseio.com/cli.json [none]
[info] 
     ######## #### ########  ######## ########     ###     ######  ########
     ##        ##  ##     ## ##       ##     ##  ##   ##  ##       ##
     ######    ##  ########  ######   ########  #########  ######  ######
     ##        ##  ##    ##  ##       ##     ## ##     ##       ## ##
     ##       #### ##     ## ######## ########  ##     ##  ######  ########

You're about to initialize a Firebase project in this directory:

  C:\RSSLPL\thecodexakash\made-royale-fe

Before we get started, keep in mind:

  * You are currently outside your home directory

[debug] [2026-08-17T15:12:51.708Z] <<< [apiv2][status] GET https://firebase-public.firebaseio.com/cli.json 200
[debug] [2026-08-17T15:12:51.709Z] <<< [apiv2][body] GET https://firebase-public.firebaseio.com/cli.json {"cloudBuildErrorAfter":1594252800000,"cloudBuildWarnAfter":1590019200000,"defaultNode10After":1594252800000,"minVersion":"3.0.5","node8DeploysDisabledAfter":1613390400000,"node8RuntimeDisabledAfter":1615809600000,"node8WarnAfter":1600128000000}
[debug] [2026-08-17T15:12:53.955Z] ExitPromptError: User force closed the prompt with SIGINT
    at Interface.sigint (C:\Users\Akash Kumar\AppData\Roaming\npm\node_modules\firebase-tools\node_modules\@inquirer\core\dist\commonjs\lib\create-prompt.js:101:37)
    at Interface.emit (node:events:524:28)
    at [_ttyWrite] [as _ttyWrite] (node:internal/readline/interface:1124:18)
    at ReadStream.onkeypress (node:internal/readline/interface:263:20)
    at ReadStream.emit (node:events:536:35)
    at emitKeys (node:internal/readline/utils:370:14)
    at emitKeys.next (<anonymous>)
    at ReadStream.onData (node:internal/readline/emitKeypressEvents:64:36)
    at ReadStream.emit (node:events:524:28)
    at addChunk (node:internal/streams/readable:561:12)
[error] 
[error] Error: An unexpected error has occurred.
